[mannatthemes.com/zoovara/vertical/index.html]
[backblue.gif]
[fade.gif]
[index.html]
[mannatthemes.com/zoovara/vertical/images/favicon.ico]
[mannatthemes.com/zoovara/vertical/plugins/filter/magnific-popup.css]
[mannatthemes.com/zoovara/vertical/plugins/animated/headline.css]
[mannatthemes.com/zoovara/vertical/css/bootstrap.min.css]
[mannatthemes.com/zoovara/vertical/css/icons.css]
[mannatthemes.com/zoovara/vertical/css/style.css]
[mannatthemes.com/zoovara/vertical/images/users/user-4.jpg]
[mannatthemes.com/zoovara/vertical/images/users/user-10.jpg]
[mannatthemes.com/zoovara/vertical/images/users/user-5.jpg]
[mannatthemes.com/zoovara/vertical/images/portfolio/1.jpg]
[mannatthemes.com/zoovara/vertical/images/portfolio/2.jpg]
[mannatthemes.com/zoovara/vertical/images/portfolio/3.jpg]
[mannatthemes.com/zoovara/vertical/images/portfolio/5.jpg]
[mannatthemes.com/zoovara/vertical/images/portfolio/6.jpg]
[mannatthemes.com/zoovara/vertical/images/portfolio/4.jpg]
[mannatthemes.com/zoovara/vertical/images/brand/1.png]
[mannatthemes.com/zoovara/vertical/images/brand/2.png]
[mannatthemes.com/zoovara/vertical/images/brand/3.png]
[mannatthemes.com/zoovara/vertical/images/brand/4.png]
[mannatthemes.com/zoovara/vertical/images/brand/5.png]
[mannatthemes.com/zoovara/vertical/js/jquery.min.js]
[mannatthemes.com/zoovara/vertical/plugins/ripple/jquery.ripples.js]
[mannatthemes.com/zoovara/vertical/js/bootstrap.bundle.min.js]
[mannatthemes.com/zoovara/vertical/plugins/animated/headline.js]
[mannatthemes.com/zoovara/vertical/plugins/counter/jquery.counterup.min.js]
[mannatthemes.com/zoovara/vertical/plugins/counter/waypoints.min.js]
[mannatthemes.com/zoovara/vertical/plugins/filter/isotope.pkgd.min.js]
[mannatthemes.com/zoovara/vertical/plugins/filter/jquery.magnific-popup.min.js]
[mannatthemes.com/zoovara/vertical/plugins/filter/masonry.pkgd.min.js]
[mannatthemes.com/zoovara/vertical/js/app.js]
[mannatthemes.com/zoovara/vertical/index.html]
[mannatthemes.com/zoovara/vertical/plugins/filter/magnific-popup.css]
[mannatthemes.com/zoovara/vertical/plugins/animated/headline.css]
[mannatthemes.com/zoovara/vertical/css/bootstrap.min.css]
[mannatthemes.com/zoovara/vertical/fonts/unicons.eot]
[mannatthemes.com/zoovara/vertical/fonts/unicons.woff2]
[mannatthemes.com/zoovara/vertical/fonts/unicons.woff]
[mannatthemes.com/zoovara/vertical/fonts/unicons.ttf]
[mannatthemes.com/zoovara/vertical/css/icons.css]
[mannatthemes.com/zoovara/vertical/css/style.css]
[mannatthemes.com/zoovara/vertical/fonts/unicons.svg]
